
> fountain-coop@0.0.1 build
> next build

▲ Next.js 16.2.3 (Turbopack)
- Environments: .env.local, .env

  Creating an optimized production build ...
(node:38971) [MODULE_TYPELESS_PACKAGE_JSON] Warning: Module type of file:///Users/7thgroup/Downloads/Fountain-Coop/postcss.config.js is not specified and it doesn't parse as CommonJS.
Reparsing as ES module because module syntax was detected. This incurs a performance overhead.
To eliminate this warning, add "type": "module" to /Users/7thgroup/Downloads/Fountain-Coop/package.json.
(Use `node --trace-warnings ...` to show where the warning was created)
✓ Compiled successfully in 21.8s
  Running TypeScript ...
Failed to type check.

Type error: Type 'typeof import("/Users/7thgroup/Downloads/Fountain-Coop/src/pages/Ajo")' does not satisfy the constraint 'PagesPageConfig'.
  Property 'default' is missing in type 'typeof import("/Users/7thgroup/Downloads/Fountain-Coop/src/pages/Ajo")' but required in type 'PagesPageConfig'.

Next.js build worker exited with code: 1 and signal: null
